// Jest Snapshot v1, https://goo.gl/fbAQLP

exports[`Home should to match snapshot 1`] = `
<DocumentFragment>
  <div
    class="bg-gray-50 dark:bg-slate-900"
  >
    <div
      class="container mx-auto h-full p-6 dark:bg-slate-900"
    >
      <div
        class="container flex flex-col rounded-lg bg-white p-4 shadow-lg dark:bg-slate-900 dark:shadow-gray-200 md:mx-auto md:my-4"
      >
        <div
          class="mb-4 flex items-center justify-between gap-2 bg-white dark:bg-slate-900"
        >
          <div
            class="flex items-center gap-2"
          >
            <h1
              class="text-xl font-bold capitalize text-slate-500 text-xl text-center mt-4 dark:text-white dark:bg-slate-900 ml-2"
            >
              Tailwindcss Mini Projects
            </h1>
          </div>
        </div>
        <div
          class="bg-white dark:bg-slate-900"
        >
          <div
            class="mt-4 grid grid-cols-1 gap-5 dark:bg-slate-900 md:grid-cols-3"
          >
            <div
              class="container flex flex-col rounded-lg bg-white p-4 shadow-lg dark:bg-slate-900 dark:shadow-gray-200 md:mx-auto md:my-4 dark:bg-slate-900"
            >
              <div
                class="bg-white dark:bg-slate-900 dark:bg-slate-900"
              >
                <a
                  class="text-slate-700 hover:text-slate-400 dark:text-white"
                  href="email-subscribe"
                >
                  <h2
                    class="p-2 font-semibold capitalize dark:hover:text-slate-400"
                  >
                    email subscribe
                  </h2>
                </a>
              </div>
            </div>
            <div
              class="container flex flex-col rounded-lg bg-white p-4 shadow-lg dark:bg-slate-900 dark:shadow-gray-200 md:mx-auto md:my-4 dark:bg-slate-900"
            >
              <div
                class="bg-white dark:bg-slate-900 dark:bg-slate-900"
              >
                <a
                  class="text-slate-700 hover:text-slate-400 dark:text-white"
                  href="pricing-card"
                >
                  <h2
                    class="p-2 font-semibold capitalize dark:hover:text-slate-400"
                  >
                    pricing card
                  </h2>
                </a>
              </div>
            </div>
            <div
              class="container flex flex-col rounded-lg bg-white p-4 shadow-lg dark:bg-slate-900 dark:shadow-gray-200 md:mx-auto md:my-4 dark:bg-slate-900"
            >
              <div
                class="bg-white dark:bg-slate-900 dark:bg-slate-900"
              >
                <a
                  class="text-slate-700 hover:text-slate-400 dark:text-white"
                  href="product-modal"
                >
                  <h2
                    class="p-2 font-semibold capitalize dark:hover:text-slate-400"
                  >
                    product modal
                  </h2>
                </a>
              </div>
            </div>
            <div
              class="container flex flex-col rounded-lg bg-white p-4 shadow-lg dark:bg-slate-900 dark:shadow-gray-200 md:mx-auto md:my-4 dark:bg-slate-900"
            >
              <div
                class="bg-white dark:bg-slate-900 dark:bg-slate-900"
              >
                <a
                  class="text-slate-700 hover:text-slate-400 dark:text-white"
                  href="login-modal"
                >
                  <h2
                    class="p-2 font-semibold capitalize dark:hover:text-slate-400"
                  >
                    login modal
                  </h2>
                </a>
              </div>
            </div>
            <div
              class="container flex flex-col rounded-lg bg-white p-4 shadow-lg dark:bg-slate-900 dark:shadow-gray-200 md:mx-auto md:my-4 dark:bg-slate-900"
            >
              <div
                class="bg-white dark:bg-slate-900 dark:bg-slate-900"
              >
                <a
                  class="text-slate-700 hover:text-slate-400 dark:text-white"
                  href="image-gallery"
                >
                  <h2
                    class="p-2 font-semibold capitalize dark:hover:text-slate-400"
                  >
                    image gallery
                  </h2>
                </a>
              </div>
            </div>
            <div
              class="container flex flex-col rounded-lg bg-white p-4 shadow-lg dark:bg-slate-900 dark:shadow-gray-200 md:mx-auto md:my-4 dark:bg-slate-900"
            >
              <div
                class="bg-white dark:bg-slate-900 dark:bg-slate-900"
              >
                <a
                  class="text-slate-700 hover:text-slate-400 dark:text-white"
                  href="image-gallery/IndexWithHeaderMenu"
                >
                  <h2
                    class="p-2 font-semibold capitalize dark:hover:text-slate-400"
                  >
                    image gallery with header menu
                  </h2>
                </a>
              </div>
            </div>
          </div>
        </div>
      </div>
    </div>
  </div>
</DocumentFragment>
`;
